ASxxxx Linker V03.00/V05.40 + sdld,  page 1.
Hexadecimal  [32-Bits]

Area                                    Addr        Size        Decimal Bytes (Attributes)
--------------------------------        ----        ----        ------- ----- ------------
.  .ABS.                            00000000    00000000 =           0. bytes (ABS,CON)

      Value  Global                              Global Defined In Module
      -----  --------------------------------   ------------------------
     00000000  .__.ABS.                           
     00000000  _rRAMG                             
     00000000  l__BASE                         
     00000000  l__BSS                          
     00000000  l__CABS                         
     00000000  l__CODE_0                       
     00000000  l__CRASH_HEADER                 
     00000000  l__CRASH_SCRATCH                
     00000000  l__DABS                         
     00000000  l__HEADER                       
     00000000  l__HEADER_LCD                   
     00000000  l__HEADER_SIO                   
     00000000  l__HEADER_TIMER                 
     00000000  l__HEAP                         
     00000000  l__HEAP_END                     
     00000000  l__HRAM                         
     00000000  l__LIT                          
     00000000  s__CABS                         
     00000000  s__CRASH_HEADER                 
     00000000  s__CRASH_HEADER0                
     00000000  s__CRASH_HEADER1                
     00000000  s__CRASH_SCRATCH                
     00000000  s__CRASH_SCRATCH2               
     00000000  s__DABS                         
     00000000  s__HEADER                       
     00000000  s__HEADER0                      
     00000000  s__HEADER1                      
     00000000  s__HEADER10                     
     00000000  s__HEADER11                     
     00000000  s__HEADER2                      
     00000000  s__HEADER3                      
     00000000  s__HEADER4                      
     00000000  s__HEADER5                      
     00000000  s__HEADER6                      
     00000000  s__HEADER7                      
     00000000  s__HEADER8                      
     00000000  s__HEADER9                      
     00000000  s__HEADER_LCD                   
     00000000  s__HEADER_LCD0                  
     00000000  s__HEADER_SIO                   
     00000000  s__HEADER_SIO0                  
     00000000  s__HEADER_TIMER                 
     00000000  s__HEADER_TIMER0                
     00000000  s__HEADERa                      
     00000000  s__HEADERb                      
     00000000  s__HEADERc                      
     00000000  s__HEADERd                      
     00000000  s__HEADERe                      
     00000000  s__HEADERf                      
     00000000  s__HRAM                         
ASxxxx Linker V03.00/V05.40 + sdld,  page 2.
Hexadecimal  [32-Bits]

Area                                    Addr        Size        Decimal Bytes (Attributes)
--------------------------------        ----        ----        ------- ----- ------------
.  .ABS.                            00000000    00000000 =           0. bytes (ABS,CON)

      Value  Global                              Global Defined In Module
      -----  --------------------------------   ------------------------
     00000000  s__HRAM12                       
     00000001  ___bank_VM_SGB                     vm_sgb
     00000001  ___bank_bg_logos_and_endings_ahh   bg_logos_and_endings_ahhhlo_
     00000001  ___bank_bg_logos_and_endings_log   bg_logos_and_endings_logo2_t
     00000001  ___bank_bg_new_folder_top_down_k   bg_new_folder_top_down_kitc_
     00000001  ___mute_mask_sound_legacy_1        sound_legacy_1
     00000001  b_scroll_rect                      
     00000001  b_ui_draw_frame                    ui
     00000001  b_ui_draw_text_buffer_char         ui
     00000001  b_ui_init                          ui
     00000001  b_ui_load_tiles                    ui
     00000001  b_ui_run_menu                      ui
     00000001  b_ui_run_modal                     ui
     00000001  b_ui_set_start_tile                ui
     00000001  l__GSFINAL                      
     00000001  l__HEADER0                      
     00000001  l__HEADER5                      
     00000001  l__HEADERa                      
     00000001  l__HEADERb                      
     00000001  l__HEADERc                      
     00000001  l__HEADERe                      
     00000001  l__HEADERf                      
     00000002  ___bank_bg_logos_and_endings_log   bg_logos_and_endings_logo3_t
     00000002  ___bank_bg_logos_and_endings_log   bg_logos_and_endings_logo4_t
     00000002  ___bank_scene_0_sprites            scene_0_sprites
     00000002  ___bank_scene_19_sprites           scene_19_sprites
     00000002  ___bank_song_song_3_Data           song_song_3_Data
     00000002  b_gbprinter_detect                 gbprinter
     00000002  b_gbprinter_print_overlay          gbprinter
     00000002  l__HEADER10                     
     00000002  l__HEADER6                      
     00000002  l__HEADERd                      
     00000003  ___bank_bg_logos_and_endings_log   bg_logos_and_endings_logo5_t
     00000003  ___bank_scene_14_init              scene_14_init
     00000003  ___bank_song_song_4_Data           song_song_4_Data
     00000003  b_atan2                            math_atan2
     00000003  b_platform_init                    platform
     00000003  b_platform_update                  platform
     00000003  l__HEADER9                      
     00000003  l__HEADER_LCD0                  
     00000003  l__HRAM12                       
     00000004  ___bank_ACTOR                      actor
     00000004  ___bank_VM_ACTOR                   vm_actor
     00000004  ___bank_VM_MAIN                    vm
     00000004  ___bank_bg_logos_and_endings_ahh   bg_logos_and_endings_ahhhlo
     00000004  ___bank_bg_new_folder_gate_close   bg_new_folder_gate_close_til
     00000004  b_activate_actor                   actor
     00000004  b_activate_actors_in_col           actor
     00000004  b_activate_actors_in_row           actor
     00000004  b_actor_at_tile                    actor
     00000004  b_actor_get_frame_offset           actor
ASxxxx Linker V03.00/V05.40 + sdld,  page 3.
Hexadecimal  [32-Bits]

Area                                    Addr        Size        Decimal Bytes (Attributes)
--------------------------------        ----        ----        ------- ----- ------------
.  .ABS.                            00000000    00000000 =           0. bytes (ABS,CON)

      Value  Global                              Global Defined In Module
      -----  --------------------------------   ------------------------
     00000004  b_actor_in_front_of_player         actor
     00000004  b_actor_overlapping_bb             actor
     00000004  b_actor_overlapping_player         actor
     00000004  b_actor_set_anim_idle              actor
     00000004  b_actor_set_anim_moving            actor
     00000004  b_actor_set_dir                    actor
     00000004  b_actor_set_frame_offset           actor
     00000004  b_actor_set_frames                 actor
     00000004  b_actors_handle_player_collision   actor
     00000004  b_actors_init                      actor
     00000004  b_check_collision_in_direction     actor
     00000004  b_deactivate_actor                 actor
     00000004  b_player_init                      actor
     00000004  b_script_detach_hthread            vm
     00000004  b_script_execute                   vm
     00000004  b_script_runner_init               vm
     00000004  b_script_terminate                 vm
     00000004  b_vm_actor_activate                vm_actor
     00000004  b_vm_actor_begin_update            vm_actor
     00000004  b_vm_actor_deactivate              vm_actor
     00000004  b_vm_actor_emote                   vm_actor
     00000004  b_vm_actor_get_angle               vm_actor
     00000004  b_vm_actor_get_anim_frame          vm_actor
     00000004  b_vm_actor_get_dir                 vm_actor
     00000004  b_vm_actor_get_pos                 vm_actor
     00000004  b_vm_actor_move_cancel             vm_actor
     00000004  b_vm_actor_move_to                 vm_actor
     00000004  b_vm_actor_replace_tile            vm_actor
     00000004  b_vm_actor_set_anim                vm_actor
     00000004  b_vm_actor_set_anim_frame          vm_actor
     00000004  b_vm_actor_set_anim_set            vm_actor
     00000004  b_vm_actor_set_anim_tick           vm_actor
     00000004  b_vm_actor_set_bounds              vm_actor
     00000004  b_vm_actor_set_dir                 vm_actor
     00000004  b_vm_actor_set_flags               vm_actor
     00000004  b_vm_actor_set_move_speed          vm_actor
     00000004  b_vm_actor_set_pos                 vm_actor
     00000004  b_vm_actor_set_spritesheet         vm_actor
     00000004  b_vm_actor_set_spritesheet_by_re   vm_actor
     00000004  b_vm_actor_terminate_update        vm_actor
     00000004  b_vm_call                          vm
     00000004  b_vm_call_far                      vm
     00000004  b_vm_get_indirect                  vm
     00000004  b_vm_get_tlocal                    vm
     00000004  b_vm_idle                          vm
     00000004  b_vm_if                            vm
     00000004  b_vm_if_const                      vm
     00000004  b_vm_init_rng                      vm
     00000004  b_vm_invoke                        vm
     00000004  b_vm_join                          vm
     00000004  b_vm_jump                          vm
ASxxxx Linker V03.00/V05.40 + sdld,  page 4.
Hexadecimal  [32-Bits]

Area                                    Addr        Size        Decimal Bytes (Attributes)
--------------------------------        ----        ----        ------- ----- ------------
.  .ABS.                            00000000    00000000 =           0. bytes (ABS,CON)

      Value  Global                              Global Defined In Module
      -----  --------------------------------   ------------------------
     00000004  b_vm_lock                          vm
     00000004  b_vm_loop                          vm
     00000004  b_vm_memcpy                        vm
     00000004  b_vm_memset                        vm
     00000004  b_vm_poll_loaded                   vm
     00000004  b_vm_pop                           vm
     00000004  b_vm_push                          vm
     00000004  b_vm_push_reference                vm
     00000004  b_vm_push_value                    vm
     00000004  b_vm_push_value_ind                vm
     00000004  b_vm_raise                         vm
     00000004  b_vm_rand                          vm
     00000004  b_vm_reserve                       vm
     00000004  b_vm_ret                           vm
     00000004  b_vm_ret_far                       vm
     00000004  b_vm_set                           vm
     00000004  b_vm_set_const                     vm
     00000004  b_vm_set_indirect                  vm
     00000004  b_vm_terminate                     vm
     00000004  b_vm_test_terminate                vm
     00000004  b_vm_unlock                        vm
     00000004  b_wait_frames                      vm
     00000004  l__CRASH_HEADER1                
     00000004  l__HEADER_SIO0                  
     00000004  l__HEADER_TIMER0                
     00000005  ___bank_bg_new_folder_kitchen_to   bg_new_folder_kitchen_tower_
     00000005  ___bank_bg_new_folder_top_down_t   bg_new_folder_top_down_towe_
     00000005  ___bank_font_rips_commodore_64_a   font_rips_commodore_64_asci
     00000005  ___bank_scene_29_sprites           scene_29_sprites
     00000005  ___bank_song_intro_song_Data       song_intro_song_Data
     00000005  ___bank_song_song_1_Data           song_song_1_Data
     00000005  l__CRASH_HEADER0                
     00000005  l__HEADER1                      
     00000006  ___bank_bg_logos_and_endings_log   bg_logos_and_endings_logomn_
     00000006  ___bank_bg_new_folder_inner_east   bg_new_folder_inner_east_ga_
     00000006  ___bank_bg_new_folder_kitchen_to   bg_new_folder_kitchen_tower_
     00000006  ___bank_bg_new_folder_southwest2   bg_new_folder_southwest2_til
     00000006  ___bank_bg_new_folder_top_down_t   bg_new_folder_top_down_towe_
     00000006  b_SIO_init                         sio
     00000006  b_scroll_init                      scroll
     00000006  b_scroll_repaint                   scroll
     00000006  b_scroll_reset                     scroll
     00000006  b_scroll_update                    scroll
     00000006  l__HEADER8                      
     00000007  ___bank_actor_20_interact          actor_20_interact
     00000007  ___bank_bg_new_folder_gate_close   bg_new_folder_gate_close_til
     00000007  ___bank_bg_new_folder_inner_east   bg_new_folder_inner_east_ga_
     00000007  ___bank_bg_new_folder_nw_tower1_   bg_new_folder_nw_tower1_tile
     00000007  ___bank_bg_new_folder_nw_tower2_   bg_new_folder_nw_tower2_tile
     00000007  ___bank_bg_new_folder_se1_tilese   bg_new_folder_se1_tileset
     00000007  ___bank_bg_new_folder_top_down_t   bg_new_folder_top_down_towe_
ASxxxx Linker V03.00/V05.40 + sdld,  page 5.
Hexadecimal  [32-Bits]

Area                                    Addr        Size        Decimal Bytes (Attributes)
--------------------------------        ----        ----        ------- ----- ------------
.  .ABS.                            00000000    00000000 =           0. bytes (ABS,CON)

      Value  Global                              Global Defined In Module
      -----  --------------------------------   ------------------------
     00000007  b_do_load_palette                  data_manager
     00000007  b_load_background                  data_manager
     00000007  b_load_bkg_tileset                 data_manager
     00000007  b_load_bounds                      data_manager
     00000007  b_load_emote                       data_manager
     00000007  b_load_init                        data_manager
     00000007  b_load_player                      data_manager
     00000007  b_load_scene                       data_manager
     00000007  b_load_sprite                      data_manager
     00000007  l__HEADER2                      
     00000008  ___bank_VM_UI                      vm_ui
     00000008  ___bank_bg_new_folder_gate_close   bg_new_folder_gate_closemen_
     00000008  ___bank_bg_new_folder_gate_tiles   bg_new_folder_gate_tileset
     00000008  ___bank_bg_new_folder_south_dam2   bg_new_folder_south_dam2_til
     00000008  ___bank_bg_new_folder_southwest1   bg_new_folder_southwest1_til
     00000008  ___bank_bg_new_folder_top_down_c   bg_new_folder_top_down_c_2_t
     00000008  ___bank_bg_new_folder_top_down_t   bg_new_folder_top_down_towe_
     00000008  ___bank_sound_legacy_2             sound_legacy_2
     00000008  ___mute_mask_sound_legacy_0        sound_legacy_0
     00000008  ___mute_mask_sound_legacy_2        sound_legacy_2
     00000008  b_shmup_init                       shmup
     00000008  b_shmup_update                     shmup
     00000008  b_vm_choice                        vm_ui
     00000008  b_vm_display_text                  vm_ui
     00000008  b_vm_overlay_clear                 vm_ui
     00000008  b_vm_overlay_move_to               vm_ui
     00000008  b_vm_overlay_scroll                vm_ui
     00000008  b_vm_overlay_set_map               vm_ui
     00000008  b_vm_overlay_set_scroll            vm_ui
     00000008  b_vm_overlay_set_submap            vm_ui
     00000008  b_vm_overlay_set_submap_ex         vm_ui
     00000008  b_vm_overlay_setpos                vm_ui
     00000008  b_vm_overlay_show                  vm_ui
     00000008  b_vm_overlay_wait                  vm_ui
     00000008  b_vm_set_font                      vm_ui
     00000008  b_vm_set_text_sound                vm_ui
     00000008  b_vm_switch_text_layer             vm_ui
     00000008  l__HEADER3                      
     00000009  ___bank_VM_GAMEBOY                 vm_gameboy
     00000009  ___bank_VM_MATH                    vm_math
     00000009  ___bank_bg_logos_and_endings_end   bg_logos_and_endings_ending_
     00000009  ___bank_bg_mapv2_tileset           bg_mapv2_tileset
     00000009  ___bank_bg_new_folder_greathall_   bg_new_folder_greathall_tile
     00000009  ___bank_bg_new_folder_south_dam1   bg_new_folder_south_dam1_til
     00000009  ___bank_bg_new_folder_top_down_t   bg_new_folder_top_down_towe_
     00000009  ___bank_bg_new_folder_top_down_t   bg_new_folder_top_down_towe_
     00000009  ___bank_scene_23_sprites           scene_23_sprites
     00000009  ___bank_trigger_97_interact        trigger_97_interact
     00000009  b_adventure_init                   adventure
     00000009  b_adventure_update                 adventure
     00000009  b_topdown_init                     topdown
ASxxxx Linker V03.00/V05.40 + sdld,  page 6.
Hexadecimal  [32-Bits]

Area                                    Addr        Size        Decimal Bytes (Attributes)
--------------------------------        ----        ----        ------- ----- ------------
.  .ABS.                            00000000    00000000 =           0. bytes (ABS,CON)

      Value  Global                              Global Defined In Module
      -----  --------------------------------   ------------------------
     00000009  b_topdown_update                   topdown
     00000009  b_vm_context_prepare               vm_gameboy
     00000009  b_vm_cos_scale                     vm_math
     00000009  b_vm_fade                          vm_gameboy
     00000009  b_vm_get_tile_xy                   vm_gameboy
     00000009  b_vm_input_attach                  vm_gameboy
     00000009  b_vm_input_detach                  vm_gameboy
     00000009  b_vm_input_get                     vm_gameboy
     00000009  b_vm_input_wait                    vm_gameboy
     00000009  b_vm_load_tileset                  vm_gameboy
     00000009  b_vm_poll                          vm_gameboy
     00000009  b_vm_replace_tile                  vm_gameboy
     00000009  b_vm_replace_tile_xy               vm_gameboy
     00000009  b_vm_rumble                        vm_gameboy
     00000009  b_vm_set_sprite_mode               vm_gameboy
     00000009  b_vm_set_sprites_visible           vm_gameboy
     00000009  b_vm_sin_scale                     vm_math
     00000009  b_vm_timer_prepare                 vm_gameboy
     00000009  b_vm_timer_reset                   vm_gameboy
     00000009  b_vm_timer_set                     vm_gameboy
     00000009  b_vm_timer_stop                    vm_gameboy
     0000000A  ___bank_VM_CAMERA                  vm_camera
     0000000A  ___bank_VM_RTC                     vm_rtc
     0000000A  ___bank_bg_new_folder_kitchen_to   bg_new_folder_kitchen_tower_
     0000000A  ___bank_bg_new_folder_kitchen_to   bg_new_folder_kitchen_tower_
     0000000A  ___bank_bg_new_folder_kitchen_to   bg_new_folder_kitchen_tower_
     0000000A  ___bank_bg_new_folder_se2_tilese   bg_new_folder_se2_tileset
     0000000A  ___bank_bg_new_folder_top_down_t   bg_new_folder_top_down_towe_
     0000000A  ___bank_bg_stars_tilemap           bg_stars_tilemap
     0000000A  ___bank_bg_stars_tilemap_attr      bg_stars_tilemap_attr
     0000000A  ___bank_scene_12_collisions        scene_12_collisions
     0000000A  ___bank_scene_17_collisions        scene_17_collisions
     0000000A  ___bank_scene_27_sprites           scene_27_sprites
     0000000A  ___bank_scene_30_init              scene_30_init
     0000000A  b_camera_shake_frames              vm_camera
     0000000A  b_core_reset                       core
     0000000A  b_core_run                         core
     0000000A  b_data_clear                       load_save
     0000000A  b_data_init                        load_save
     0000000A  b_data_load                        load_save
     0000000A  b_data_peek                        load_save
     0000000A  b_data_save                        load_save
     0000000A  b_projectile_launch                projectiles
     0000000A  b_projectiles_init                 projectiles
     0000000A  b_trigger_activate_at              trigger
     0000000A  b_trigger_activate_at_intersecti   trigger
     0000000A  b_trigger_at_intersection          trigger
     0000000A  b_trigger_at_tile                  trigger
     0000000A  b_trigger_interact                 trigger
     0000000A  b_trigger_reset                    trigger
     0000000A  b_vm_camera_move_to                vm_camera
ASxxxx Linker V03.00/V05.40 + sdld,  page 7.
Hexadecimal  [32-Bits]

Area                                    Addr        Size        Decimal Bytes (Attributes)
--------------------------------        ----        ----        ------- ----- ------------
.  .ABS.                            00000000    00000000 =           0. bytes (ABS,CON)

      Value  Global                              Global Defined In Module
      -----  --------------------------------   ------------------------
     0000000A  b_vm_camera_set_pos                vm_camera
     0000000A  b_vm_rtc_get                       vm_rtc
     0000000A  b_vm_rtc_latch                     vm_rtc
     0000000A  b_vm_rtc_set                       vm_rtc
     0000000A  b_vm_rtc_start                     vm_rtc
     0000000B  ___bank_VM_SIO                     vm_sio
     0000000B  ___bank_actor_1_interact           actor_1_interact
     0000000B  ___bank_actor_4_interact           actor_4_interact
     0000000B  ___bank_actor_9_interact           actor_9_interact
     0000000B  ___bank_bg_new_folder_gate_close   bg_new_folder_gate_close_til
     0000000B  ___bank_bg_new_folder_gate_close   bg_new_folder_gate_closemen_
     0000000B  ___bank_bg_new_folder_gate_close   bg_new_folder_gate_closemen_
     0000000B  ___bank_bg_new_folder_gate_tilem   bg_new_folder_gate_tilemap
     0000000B  ___bank_bg_new_folder_gate_tilem   bg_new_folder_gate_tilemap_a
     0000000B  ___bank_bg_new_folder_greathall_   bg_new_folder_greathall_tile
     0000000B  ___bank_bg_new_folder_greathall_   bg_new_folder_greathall_tile
     0000000B  ___bank_bg_new_folder_inner_east   bg_new_folder_inner_east_ga_
     0000000B  ___bank_bg_new_folder_inner_east   bg_new_folder_inner_east_ga_
     0000000B  ___bank_bg_new_folder_inner_east   bg_new_folder_inner_east_ga_
     0000000B  ___bank_bg_new_folder_inner_east   bg_new_folder_inner_east_ga_
     0000000B  ___bank_bg_new_folder_kitchen_to   bg_new_folder_kitchen_tower_
     0000000B  ___bank_bg_new_folder_nw_tower1_   bg_new_folder_nw_tower1_tile
     0000000B  ___bank_bg_new_folder_nw_tower1_   bg_new_folder_nw_tower1_tile
     0000000B  ___bank_bg_new_folder_nw_tower2_   bg_new_folder_nw_tower2_tile
     0000000B  ___bank_bg_new_folder_nw_tower2_   bg_new_folder_nw_tower2_tile
     0000000B  ___bank_scene_12_sprites           scene_12_sprites
     0000000B  ___bank_scene_6_collisions         scene_6_collisions
     0000000B  b___HandleCrash_banked             
     0000000B  b_fade_applypalettechange          fade_manager
     0000000B  b_fade_in                          fade_manager
     0000000B  b_fade_in_modal                    fade_manager
     0000000B  b_fade_init                        fade_manager
     0000000B  b_fade_out                         fade_manager
     0000000B  b_fade_out_modal                   fade_manager
     0000000B  b_fade_setspeed                    fade_manager
     0000000B  b_fade_update                      fade_manager
     0000000B  b_pointnclick_init                 pointnclick
     0000000B  b_pointnclick_update               pointnclick
     0000000B  b_vm_sio_exchange                  vm_sio
     0000000B  b_vm_sio_set_mode                  vm_sio
     0000000C  ___bank_VM_PALETTE                 vm_palette
     0000000C  ___bank_actor_0_interact           actor_0_interact
     0000000C  ___bank_actor_3_interact           actor_3_interact
     0000000C  ___bank_actor_8_interact           actor_8_interact
     0000000C  ___bank_bg_new_folder_se1_tilema   bg_new_folder_se1_tilemap
     0000000C  ___bank_bg_new_folder_se1_tilema   bg_new_folder_se1_tilemap_at
     0000000C  ___bank_bg_new_folder_south_dam1   bg_new_folder_south_dam1_til
     0000000C  ___bank_bg_new_folder_south_dam1   bg_new_folder_south_dam1_til
     0000000C  ___bank_bg_new_folder_south_dam2   bg_new_folder_south_dam2_til
     0000000C  ___bank_bg_new_folder_south_dam2   bg_new_folder_south_dam2_til
     0000000C  ___bank_bg_new_folder_southwest1   bg_new_folder_southwest1_til
ASxxxx Linker V03.00/V05.40 + sdld,  page 8.
Hexadecimal  [32-Bits]

Area                                    Addr        Size        Decimal Bytes (Attributes)
--------------------------------        ----        ----        ------- ----- ------------
.  .ABS.                            00000000    00000000 =           0. bytes (ABS,CON)

      Value  Global                              Global Defined In Module
      -----  --------------------------------   ------------------------
     0000000C  ___bank_bg_new_folder_top_down_c   bg_new_folder_top_down_c_2_t
     0000000C  ___bank_bg_new_folder_top_down_i   bg_new_folder_top_down_inne_
     0000000C  ___bank_bootstrap_script           
     0000000C  ___bank_scene_13_collisions        scene_13_collisions
     0000000C  ___bank_scene_14_collisions        scene_14_collisions
     0000000C  ___bank_scene_15_collisions        scene_15_collisions
     0000000C  ___bank_scene_28_init              scene_28_init
     0000000C  ___bank_scene_30_collisions        scene_30_collisions
     0000000C  ___bank_scene_31_init              scene_31_init
     0000000C  ___bank_scene_34_collisions        scene_34_collisions
     0000000C  ___bank_scene_34_init              scene_34_init
     0000000C  ___bank_scene_3_collisions         scene_3_collisions
     0000000C  ___bank_scene_4_collisions         scene_4_collisions
     0000000C  ___bank_scene_5_collisions         scene_5_collisions
     0000000C  ___bank_scene_7_collisions         scene_7_collisions
     0000000C  ___bank_scene_8_collisions         scene_8_collisions
     0000000C  ___bank_scene_9_collisions         scene_9_collisions
     0000000C  ___bank_script_7                   script_7
     0000000C  ___bank_trigger_107_interact       trigger_107_interact
     0000000C  ___bank_trigger_86_interact        trigger_86_interact
     0000000C  b_set_sgb_border                   sgb_border
     0000000C  b_vm_load_palette                  vm_palette
     0000000D  ___bank_actor_18_interact          actor_18_interact
     0000000D  ___bank_bg_logos_and_endings_ahh   bg_logos_and_endings_ahhhlo_
     0000000D  ___bank_bg_logos_and_endings_ahh   bg_logos_and_endings_ahhhlo_
     0000000D  ___bank_bg_logos_and_endings_end   bg_logos_and_endings_ending_
     0000000D  ___bank_bg_logos_and_endings_end   bg_logos_and_endings_ending_
     0000000D  ___bank_bg_logos_and_endings_log   bg_logos_and_endings_logo2_t
     0000000D  ___bank_bg_logos_and_endings_log   bg_logos_and_endings_logo2_t
     0000000D  ___bank_bg_logos_and_endings_log   bg_logos_and_endings_logo3_t
     0000000D  ___bank_bg_logos_and_endings_log   bg_logos_and_endings_logo3_t
     0000000D  ___bank_bg_logos_and_endings_log   bg_logos_and_endings_logo4_t
     0000000D  ___bank_bg_logos_and_endings_log   bg_logos_and_endings_logo4_t
     0000000D  ___bank_bg_logos_and_endings_log   bg_logos_and_endings_logo5_t
     0000000D  ___bank_bg_logos_and_endings_log   bg_logos_and_endings_logo5_t
     0000000D  ___bank_bg_logos_and_endings_log   bg_logos_and_endings_logomn_
     0000000D  ___bank_bg_logos_and_endings_log   bg_logos_and_endings_logomn_
     0000000D  ___bank_bg_mapv2_tilemap           bg_mapv2_tilemap
     0000000D  ___bank_bg_mapv2_tilemap_attr      bg_mapv2_tilemap_attr
     0000000D  ___bank_bg_new_folder_se2_tilema   bg_new_folder_se2_tilemap
     0000000D  ___bank_bg_new_folder_se2_tilema   bg_new_folder_se2_tilemap_at
     0000000D  ___bank_bg_new_folder_southwest1   bg_new_folder_southwest1_til
     0000000D  ___bank_bg_new_folder_southwest2   bg_new_folder_southwest2_til
     0000000D  ___bank_bg_new_folder_southwest2   bg_new_folder_southwest2_til
     0000000D  ___bank_bg_new_folder_top_down_c   bg_new_folder_top_down_c_2_t
     0000000D  ___bank_bg_new_folder_top_down_c   bg_new_folder_top_down_c_2_t
     0000000D  ___bank_bg_new_folder_top_down_c   bg_new_folder_top_down_c_2_t
     0000000D  ___bank_bg_new_folder_top_down_c   bg_new_folder_top_down_c_2_t
     0000000D  ___bank_bg_new_folder_top_down_i   bg_new_folder_top_down_inne_
     0000000D  ___bank_bg_new_folder_top_down_i   bg_new_folder_top_down_inne_
     0000000D  ___bank_bg_new_folder_top_down_k   bg_new_folder_top_down_kitc_
ASxxxx Linker V03.00/V05.40 + sdld,  page 9.
Hexadecimal  [32-Bits]

Area                                    Addr        Size        Decimal Bytes (Attributes)
--------------------------------        ----        ----        ------- ----- ------------
.  .ABS.                            00000000    00000000 =           0. bytes (ABS,CON)

      Value  Global                              Global Defined In Module
      -----  --------------------------------   ------------------------
     0000000D  ___bank_bg_new_folder_top_down_k   bg_new_folder_top_down_kitc_
     0000000D  ___bank_bg_new_folder_top_down_k   bg_new_folder_top_down_kitc_
     0000000D  ___bank_bg_new_folder_top_down_k   bg_new_folder_top_down_kitc_
     0000000D  ___bank_bg_new_folder_top_down_t   bg_new_folder_top_down_towe_
     0000000D  ___bank_bg_new_folder_top_down_t   bg_new_folder_top_down_towe_
     0000000D  ___bank_bg_new_folder_top_down_t   bg_new_folder_top_down_towe_
     0000000D  ___bank_bg_new_folder_top_down_t   bg_new_folder_top_down_towe_
     0000000D  ___bank_bg_new_folder_top_down_t   bg_new_folder_top_down_towe_
     0000000D  ___bank_scene_10_collisions        scene_10_collisions
     0000000D  ___bank_scene_18_collisions        scene_18_collisions
     0000000D  ___bank_scene_21_actors            scene_21_actors
     0000000D  ___bank_scene_23_collisions        scene_23_collisions
     0000000D  ___bank_scene_27_collisions        scene_27_collisions
     0000000D  ___bank_sprite_animated_animals_   sprite_animated_animals_sea_
     0000000D  ___bank_trigger_103_interact       trigger_103_interact
     0000000D  ___bank_trigger_96_interact        trigger_96_interact
     0000000E  ___bank_VM_MUSIC                   vm_music
     0000000E  ___bank_VM_PROJECTILE              vm_projectiles
     0000000E  ___bank_actor_13_interact          actor_13_interact
     0000000E  ___bank_actor_2_interact           actor_2_interact
     0000000E  ___bank_actor_5_interact           actor_5_interact
     0000000E  ___bank_bg_new_folder_top_down_t   bg_new_folder_top_down_towe_
     0000000E  ___bank_bg_new_folder_top_down_t   bg_new_folder_top_down_towe_
     0000000E  ___bank_bg_new_folder_top_down_t   bg_new_folder_top_down_towe_
     0000000E  ___bank_bg_new_folder_top_down_t   bg_new_folder_top_down_towe_
     0000000E  ___bank_bg_new_folder_top_down_t   bg_new_folder_top_down_towe_
     0000000E  ___bank_bg_new_folder_top_down_t   bg_new_folder_top_down_towe_
     0000000E  ___bank_bg_new_folder_top_down_t   bg_new_folder_top_down_towe_
     0000000E  ___bank_bg_new_folder_top_down_t   bg_new_folder_top_down_towe_
     0000000E  ___bank_bg_new_folder_top_down_t   bg_new_folder_top_down_towe_
     0000000E  ___bank_scene_0_actors             scene_0_actors
     0000000E  ___bank_scene_0_collisions         scene_0_collisions
     0000000E  ___bank_scene_11_collisions        scene_11_collisions
     0000000E  ___bank_scene_16_collisions        scene_16_collisions
     0000000E  ___bank_scene_19_actors            scene_19_actors
     0000000E  ___bank_scene_19_collisions        scene_19_collisions
     0000000E  ___bank_scene_1_collisions         scene_1_collisions
     0000000E  ___bank_scene_20_actors            scene_20_actors
     0000000E  ___bank_scene_20_collisions        scene_20_collisions
     0000000E  ___bank_scene_21_collisions        scene_21_collisions
     0000000E  ___bank_scene_22_collisions        scene_22_collisions
     0000000E  ___bank_scene_24_actors            scene_24_actors
     0000000E  ___bank_scene_24_collisions        scene_24_collisions
     0000000E  ___bank_scene_25_collisions        scene_25_collisions
     0000000E  ___bank_scene_28_collisions        scene_28_collisions
     0000000E  ___bank_scene_29_actors            scene_29_actors
     0000000E  ___bank_scene_29_collisions        scene_29_collisions
     0000000E  ___bank_scene_2_collisions         scene_2_collisions
     0000000E  ___bank_scene_31_collisions        scene_31_collisions
     0000000E  ___bank_scene_32_collisions        scene_32_collisions
     0000000E  ___bank_scene_32_init              scene_32_init
ASxxxx Linker V03.00/V05.40 + sdld,  page 10.
Hexadecimal  [32-Bits]

Area                                    Addr        Size        Decimal Bytes (Attributes)
--------------------------------        ----        ----        ------- ----- ------------
.  .ABS.                            00000000    00000000 =           0. bytes (ABS,CON)

      Value  Global                              Global Defined In Module
      -----  --------------------------------   ------------------------
     0000000E  ___bank_scene_33_collisions        scene_33_collisions
     0000000E  ___bank_scene_3_init               scene_3_init
     0000000E  ___bank_scene_7_init               scene_7_init
     0000000E  ___bank_script_4                   script_4
     0000000E  ___bank_sprite_actor_animated_ti   sprite_actor_animated_tilese
     0000000E  ___bank_sprite_animated_people_s   sprite_animated_people_spin_
     0000000E  ___bank_trigger_101_interact       trigger_101_interact
     0000000E  ___bank_trigger_111_interact       trigger_111_interact
     0000000E  ___bank_trigger_113_interact       trigger_113_interact
     0000000E  ___bank_trigger_116_interact       trigger_116_interact
     0000000E  ___bank_trigger_35_interact        trigger_35_interact
     0000000E  ___bank_trigger_91_interact        trigger_91_interact
     0000000E  ___bank_trigger_93_interact        trigger_93_interact
     0000000E  ___bank_trigger_99_interact        trigger_99_interact
     0000000E  b_erase_flash                      
     0000000E  b_itoa_fmt                         vm_ui_a
     0000000E  b_music_events_poll                music_manager
     0000000E  b_music_init_driver                music_manager
     0000000E  b_music_init_events                music_manager
     0000000E  b_save_sram_banks                  
     0000000E  b_vm_music_mute                    vm_music
     0000000E  b_vm_music_play                    vm_music
     0000000E  b_vm_music_routine                 vm_music
     0000000E  b_vm_music_setpos                  vm_music
     0000000E  b_vm_music_stop                    vm_music
     0000000E  b_vm_projectile_launch             vm_projectiles
     0000000E  b_vm_projectile_load_type          vm_projectiles
     0000000E  b_vm_sfx_play                      vm_music
     0000000E  b_vm_sound_mastervol               vm_music
     0000000F  ___bank_VM_GBPRINTER               vm_gbprinter
     0000000F  ___bank_VM_LOAD_SAVE               vm_load_save
     0000000F  ___bank_VM_SCENE                   vm_scene
     0000000F  ___bank_actor_10_interact          actor_10_interact
     0000000F  ___bank_actor_14_interact          actor_14_interact
     0000000F  ___bank_actor_15_interact          actor_15_interact
     0000000F  ___bank_actor_16_interact          actor_16_interact
     0000000F  ___bank_actor_17_interact          actor_17_interact
     0000000F  ___bank_actor_19_interact          actor_19_interact
     0000000F  ___bank_actor_22_interact          actor_22_interact
     0000000F  ___bank_actor_23_interact          actor_23_interact
     0000000F  ___bank_actor_24_interact          actor_24_interact
     0000000F  ___bank_actor_25_interact          actor_25_interact
     0000000F  ___bank_actor_26_interact          actor_26_interact
     0000000F  ___bank_actor_27_interact          actor_27_interact
     0000000F  ___bank_actor_28_interact          actor_28_interact
     0000000F  ___bank_actor_29_interact          actor_29_interact
     0000000F  ___bank_actor_32_interact          actor_32_interact
     0000000F  ___bank_actor_34_interact          actor_34_interact
     0000000F  ___bank_actor_35_interact          actor_35_interact
     0000000F  ___bank_actor_36_interact          actor_36_interact
     0000000F  ___bank_actor_39_interact          actor_39_interact
ASxxxx Linker V03.00/V05.40 + sdld,  page 11.
Hexadecimal  [32-Bits]

Area                                    Addr        Size        Decimal Bytes (Attributes)
--------------------------------        ----        ----        ------- ----- ------------
.  .ABS.                            00000000    00000000 =           0. bytes (ABS,CON)

      Value  Global                              Global Defined In Module
      -----  --------------------------------   ------------------------
     0000000F  ___bank_actor_40_interact          actor_40_interact
     0000000F  ___bank_actor_41_interact          actor_41_interact
     0000000F  ___bank_actor_42_interact          actor_42_interact
     0000000F  ___bank_actor_43_interact          actor_43_interact
     0000000F  ___bank_actor_45_interact          actor_45_interact
     0000000F  ___bank_actor_46_interact          actor_46_interact
     0000000F  ___bank_actor_4_update             actor_4_update
     0000000F  ___bank_actor_6_interact           actor_6_interact
     0000000F  ___bank_actor_7_interact           actor_7_interact
     0000000F  ___bank_bg_new_folder_top_down_k   bg_new_folder_top_down_kitc_
     0000000F  ___bank_bg_stars_tileset           bg_stars_tileset
     0000000F  ___bank_emote_question             emote_question
     0000000F  ___bank_emote_shock                emote_shock
     0000000F  ___bank_emote_sleep                emote_sleep
     0000000F  ___bank_frame_image                frame_image
     0000000F  ___bank_palette_0                  palette_0
     0000000F  ___bank_palette_1                  palette_1
     0000000F  ___bank_palette_10                 palette_10
     0000000F  ___bank_palette_11                 palette_11
     0000000F  ___bank_palette_12                 palette_12
     0000000F  ___bank_palette_2                  palette_2
     0000000F  ___bank_palette_3                  palette_3
     0000000F  ___bank_palette_4                  palette_4
     0000000F  ___bank_palette_5                  palette_5
     0000000F  ___bank_palette_6                  palette_6
     0000000F  ___bank_palette_7                  palette_7
     0000000F  ___bank_palette_8                  palette_8
     0000000F  ___bank_palette_9                  palette_9
     0000000F  ___bank_scene_0                    scene_0
     0000000F  ___bank_scene_0_init               scene_0_init
     0000000F  ___bank_scene_1                    scene_1
     0000000F  ___bank_scene_10                   scene_10
     0000000F  ___bank_scene_11                   scene_11
     0000000F  ___bank_scene_11_init              scene_11_init
     0000000F  ___bank_scene_12                   scene_12
     0000000F  ___bank_scene_12_actors            scene_12_actors
     0000000F  ___bank_scene_13                   scene_13
     0000000F  ___bank_scene_13_init              scene_13_init
     0000000F  ___bank_scene_14                   scene_14
     0000000F  ___bank_scene_15                   scene_15
     0000000F  ___bank_scene_15_init              scene_15_init
     0000000F  ___bank_scene_16                   scene_16
     0000000F  ___bank_scene_16_init              scene_16_init
     0000000F  ___bank_scene_17                   scene_17
     0000000F  ___bank_scene_17_init              scene_17_init
     0000000F  ___bank_scene_17_triggers          scene_17_triggers
     0000000F  ___bank_scene_18                   scene_18
     0000000F  ___bank_scene_18_triggers          scene_18_triggers
     0000000F  ___bank_scene_19                   scene_19
     0000000F  ___bank_scene_19_init              scene_19_init
     0000000F  ___bank_scene_1_init               scene_1_init
ASxxxx Linker V03.00/V05.40 + sdld,  page 12.
Hexadecimal  [32-Bits]

Area                                    Addr        Size        Decimal Bytes (Attributes)
--------------------------------        ----        ----        ------- ----- ------------
.  .ABS.                            00000000    00000000 =           0. bytes (ABS,CON)

      Value  Global                              Global Defined In Module
      -----  --------------------------------   ------------------------
     0000000F  ___bank_scene_2                    scene_2
     0000000F  ___bank_scene_20                   scene_20
     0000000F  ___bank_scene_20_init              scene_20_init
     0000000F  ___bank_scene_21                   scene_21
     0000000F  ___bank_scene_21_init              scene_21_init
     0000000F  ___bank_scene_22                   scene_22
     0000000F  ___bank_scene_22_init              scene_22_init
     0000000F  ___bank_scene_23                   scene_23
     0000000F  ___bank_scene_23_actors            scene_23_actors
     0000000F  ___bank_scene_23_init              scene_23_init
     0000000F  ___bank_scene_24                   scene_24
     0000000F  ___bank_scene_24_init              scene_24_init
     0000000F  ___bank_scene_24_triggers          scene_24_triggers
     0000000F  ___bank_scene_25                   scene_25
     0000000F  ___bank_scene_25_init              scene_25_init
     0000000F  ___bank_scene_27                   scene_27
     0000000F  ___bank_scene_27_actors            scene_27_actors
     0000000F  ___bank_scene_27_init              scene_27_init
     0000000F  ___bank_scene_28                   scene_28
     0000000F  ___bank_scene_29                   scene_29
     0000000F  ___bank_scene_29_init              scene_29_init
     0000000F  ___bank_scene_2_triggers           scene_2_triggers
     0000000F  ___bank_scene_3                    scene_3
     0000000F  ___bank_scene_30                   scene_30
     0000000F  ___bank_scene_31                   scene_31
     0000000F  ___bank_scene_32                   scene_32
     0000000F  ___bank_scene_33                   scene_33
     0000000F  ___bank_scene_33_init              scene_33_init
     0000000F  ___bank_scene_34                   scene_34
     0000000F  ___bank_scene_4                    scene_4
     0000000F  ___bank_scene_4_init               scene_4_init
     0000000F  ___bank_scene_5                    scene_5
     0000000F  ___bank_scene_5_init               scene_5_init
     0000000F  ___bank_scene_5_triggers           scene_5_triggers
     0000000F  ___bank_scene_6                    scene_6
     0000000F  ___bank_scene_6_init               scene_6_init
     0000000F  ___bank_scene_7                    scene_7
     0000000F  ___bank_scene_8                    scene_8
     0000000F  ___bank_scene_8_init               scene_8_init
     0000000F  ___bank_scene_9                    scene_9
     0000000F  ___bank_scene_9_init               scene_9_init
     0000000F  ___bank_scene_9_triggers           scene_9_triggers
     0000000F  ___bank_script_2                   script_2
     0000000F  ___bank_script_engine_init         
     0000000F  ___bank_script_input_1             script_input_1
     0000000F  ___bank_script_input_2             script_input_2
     0000000F  ___bank_sprite_actor_animated      sprite_actor_animated
     0000000F  ___bank_sprite_animated_animals_   sprite_animated_animals_cro
     0000000F  ___bank_sprite_animated_animals_   sprite_animated_animals_cro_
     0000000F  ___bank_sprite_animated_animals_   sprite_animated_animals_cro_
     0000000F  ___bank_sprite_animated_animals_   sprite_animated_animals_cro_
ASxxxx Linker V03.00/V05.40 + sdld,  page 13.
Hexadecimal  [32-Bits]

Area                                    Addr        Size        Decimal Bytes (Attributes)
--------------------------------        ----        ----        ------- ----- ------------
.  .ABS.                            00000000    00000000 =           0. bytes (ABS,CON)

      Value  Global                              Global Defined In Module
      -----  --------------------------------   ------------------------
     0000000F  ___bank_sprite_animated_animals_   sprite_animated_animals_sea
     0000000F  ___bank_sprite_animated_crosshai   sprite_animated_crosshairs__
     0000000F  ___bank_sprite_animated_crosshai   sprite_animated_crosshairs__
     0000000F  ___bank_sprite_animated_crosshai   sprite_animated_crosshairs__
     0000000F  ___bank_sprite_animated_crosshai   sprite_animated_crosshairs__
     0000000F  ___bank_sprite_animated_crosshai   sprite_animated_crosshairs__
     0000000F  ___bank_sprite_animated_crosshai   sprite_animated_crosshairs__
     0000000F  ___bank_sprite_animated_crosshai   sprite_animated_crosshairs__
     0000000F  ___bank_sprite_animated_crosshai   sprite_animated_crosshairs__
     0000000F  ___bank_sprite_animated_people_s   sprite_animated_people_spin
     0000000F  ___bank_sprite_cursors_default_c   sprite_cursors_default_curs
     0000000F  ___bank_sprite_static_cats_cat_w   sprite_static_cats_cat_whit
     0000000F  ___bank_sprite_static_cats_cat_w   sprite_static_cats_cat_whit_
     0000000F  ___bank_trigger_0_interact         trigger_0_interact
     0000000F  ___bank_trigger_100_interact       trigger_100_interact
     0000000F  ___bank_trigger_102_interact       trigger_102_interact
     0000000F  ___bank_trigger_104_interact       trigger_104_interact
     0000000F  ___bank_trigger_105_interact       trigger_105_interact
     0000000F  ___bank_trigger_106_interact       trigger_106_interact
     0000000F  ___bank_trigger_108_interact       trigger_108_interact
     0000000F  ___bank_trigger_109_interact       trigger_109_interact
     0000000F  ___bank_trigger_10_interact        trigger_10_interact
     0000000F  ___bank_trigger_110_interact       trigger_110_interact
     0000000F  ___bank_trigger_112_interact       trigger_112_interact
     0000000F  ___bank_trigger_114_interact       trigger_114_interact
     0000000F  ___bank_trigger_115_interact       trigger_115_interact
     0000000F  ___bank_trigger_11_interact        trigger_11_interact
     0000000F  ___bank_trigger_122_interact       trigger_122_interact
     0000000F  ___bank_trigger_123_interact       trigger_123_interact
     0000000F  ___bank_trigger_124_interact       trigger_124_interact
     0000000F  ___bank_trigger_12_interact        trigger_12_interact
     0000000F  ___bank_trigger_13_interact        trigger_13_interact
     0000000F  ___bank_trigger_14_interact        trigger_14_interact
     0000000F  ___bank_trigger_15_interact        trigger_15_interact
     0000000F  ___bank_trigger_16_interact        trigger_16_interact
     0000000F  ___bank_trigger_18_interact        trigger_18_interact
     0000000F  ___bank_trigger_19_interact        trigger_19_interact
     0000000F  ___bank_trigger_1_interact         trigger_1_interact
     0000000F  ___bank_trigger_20_interact        trigger_20_interact
     0000000F  ___bank_trigger_22_interact        trigger_22_interact
     0000000F  ___bank_trigger_23_interact        trigger_23_interact
     0000000F  ___bank_trigger_26_interact        trigger_26_interact
     0000000F  ___bank_trigger_27_interact        trigger_27_interact
     0000000F  ___bank_trigger_28_interact        trigger_28_interact
     0000000F  ___bank_trigger_29_interact        trigger_29_interact
     0000000F  ___bank_trigger_2_interact         trigger_2_interact
     0000000F  ___bank_trigger_30_interact        trigger_30_interact
     0000000F  ___bank_trigger_31_interact        trigger_31_interact
     0000000F  ___bank_trigger_32_interact        trigger_32_interact
     0000000F  ___bank_trigger_33_interact        trigger_33_interact
     0000000F  ___bank_trigger_34_interact        trigger_34_interact
ASxxxx Linker V03.00/V05.40 + sdld,  page 14.
Hexadecimal  [32-Bits]

Area                                    Addr        Size        Decimal Bytes (Attributes)
--------------------------------        ----        ----        ------- ----- ------------
.  .ABS.                            00000000    00000000 =           0. bytes (ABS,CON)

      Value  Global                              Global Defined In Module
      -----  --------------------------------   ------------------------
     0000000F  ___bank_trigger_36_interact        trigger_36_interact
     0000000F  ___bank_trigger_37_interact        trigger_37_interact
     0000000F  ___bank_trigger_38_interact        trigger_38_interact
     0000000F  ___bank_trigger_39_interact        trigger_39_interact
     0000000F  ___bank_trigger_3_interact         trigger_3_interact
     0000000F  ___bank_trigger_40_interact        trigger_40_interact
     0000000F  ___bank_trigger_41_interact        trigger_41_interact
     0000000F  ___bank_trigger_44_interact        trigger_44_interact
     0000000F  ___bank_trigger_45_interact        trigger_45_interact
     0000000F  ___bank_trigger_46_interact        trigger_46_interact
     0000000F  ___bank_trigger_47_interact        trigger_47_interact
     0000000F  ___bank_trigger_48_interact        trigger_48_interact
     0000000F  ___bank_trigger_49_interact        trigger_49_interact
     0000000F  ___bank_trigger_4_interact         trigger_4_interact
     0000000F  ___bank_trigger_50_interact        trigger_50_interact
     0000000F  ___bank_trigger_51_interact        trigger_51_interact
     0000000F  ___bank_trigger_52_interact        trigger_52_interact
     0000000F  ___bank_trigger_53_interact        trigger_53_interact
     0000000F  ___bank_trigger_54_interact        trigger_54_interact
     0000000F  ___bank_trigger_55_interact        trigger_55_interact
     0000000F  ___bank_trigger_56_interact        trigger_56_interact
     0000000F  ___bank_trigger_57_interact        trigger_57_interact
     0000000F  ___bank_trigger_58_interact        trigger_58_interact
     0000000F  ___bank_trigger_59_interact        trigger_59_interact
     0000000F  ___bank_trigger_5_interact         trigger_5_interact
     0000000F  ___bank_trigger_6_interact         trigger_6_interact
     0000000F  ___bank_trigger_75_interact        trigger_75_interact
     0000000F  ___bank_trigger_7_interact         trigger_7_interact
     0000000F  ___bank_trigger_81_interact        trigger_81_interact
     0000000F  ___bank_trigger_82_interact        trigger_82_interact
     0000000F  ___bank_trigger_83_interact        trigger_83_interact
     0000000F  ___bank_trigger_84_interact        trigger_84_interact
     0000000F  ___bank_trigger_85_interact        trigger_85_interact
     0000000F  ___bank_trigger_87_interact        trigger_87_interact
     0000000F  ___bank_trigger_88_interact        trigger_88_interact
     0000000F  ___bank_trigger_89_interact        trigger_89_interact
     0000000F  ___bank_trigger_8_interact         trigger_8_interact
     0000000F  ___bank_trigger_90_interact        trigger_90_interact
     0000000F  ___bank_trigger_92_interact        trigger_92_interact
     0000000F  ___bank_trigger_98_interact        trigger_98_interact
     0000000F  ___bank_trigger_9_interact         trigger_9_interact
     0000000F  b_CGBZeroPalette                   palette
     0000000F  b_events_init                      events
     0000000F  b_palette_init                     palette
     0000000F  b_restore_sram                     flasher
     0000000F  b_restore_sram_bank                flasher
     0000000F  b_save_sram                        flasher
     0000000F  b_timers_init                      events
     0000000F  b_vm_print_detect                  vm_gbprinter
     0000000F  b_vm_print_overlay                 vm_gbprinter
     0000000F  b_vm_save_clear                    vm_load_save
ASxxxx Linker V03.00/V05.40 + sdld,  page 15.
Hexadecimal  [32-Bits]

Area                                    Addr        Size        Decimal Bytes (Attributes)
--------------------------------        ----        ----        ------- ----- ------------
.  .ABS.                            00000000    00000000 =           0. bytes (ABS,CON)

      Value  Global                              Global Defined In Module
      -----  --------------------------------   ------------------------
     0000000F  b_vm_save_peek                     vm_load_save
     0000000F  b_vm_scene_pop                     vm_scene
     0000000F  b_vm_scene_pop_all                 vm_scene
     0000000F  b_vm_scene_push                    vm_scene
     0000000F  b_vm_scene_stack_reset             vm_scene
     00000010  ___bank_actor_21_interact          actor_21_interact
     00000010  ___bank_actor_44_interact          actor_44_interact
     00000010  ___bank_actor_8_update             actor_8_update
     00000010  ___bank_bg_logos_and_endings_end   bg_logos_and_endings_ending
     00000010  ___bank_bg_logos_and_endings_log   bg_logos_and_endings_logo2
     00000010  ___bank_bg_logos_and_endings_log   bg_logos_and_endings_logo3
     00000010  ___bank_bg_logos_and_endings_log   bg_logos_and_endings_logo4
     00000010  ___bank_bg_logos_and_endings_log   bg_logos_and_endings_logo5
     00000010  ___bank_bg_logos_and_endings_log   bg_logos_and_endings_logomn
     00000010  ___bank_bg_mapv2                   bg_mapv2
     00000010  ___bank_bg_new_folder_gate         bg_new_folder_gate
     00000010  ___bank_bg_new_folder_gate_close   bg_new_folder_gate_close
     00000010  ___bank_bg_new_folder_gate_close   bg_new_folder_gate_closemen
     00000010  ___bank_bg_new_folder_greathall    bg_new_folder_greathall
     00000010  ___bank_bg_new_folder_inner_east   bg_new_folder_inner_east_ga
     00000010  ___bank_bg_new_folder_inner_east   bg_new_folder_inner_east_ga_
     00000010  ___bank_bg_new_folder_kitchen_to   bg_new_folder_kitchen_tower
     00000010  ___bank_bg_new_folder_kitchen_to   bg_new_folder_kitchen_tower_
     00000010  ___bank_bg_new_folder_nw_tower1    bg_new_folder_nw_tower1
     00000010  ___bank_bg_new_folder_nw_tower2    bg_new_folder_nw_tower2
     00000010  ___bank_bg_new_folder_se1          bg_new_folder_se1
     00000010  ___bank_bg_new_folder_se2          bg_new_folder_se2
     00000010  ___bank_bg_new_folder_south_dam1   bg_new_folder_south_dam1
     00000010  ___bank_bg_new_folder_south_dam2   bg_new_folder_south_dam2
     00000010  ___bank_bg_new_folder_southwest1   bg_new_folder_southwest1
     00000010  ___bank_bg_new_folder_southwest2   bg_new_folder_southwest2
     00000010  ___bank_bg_new_folder_top_down_c   bg_new_folder_top_down_c_2
     00000010  ___bank_bg_new_folder_top_down_c   bg_new_folder_top_down_c_2_t
     00000010  ___bank_bg_new_folder_top_down_i   bg_new_folder_top_down_inne
     00000010  ___bank_bg_new_folder_top_down_k   bg_new_folder_top_down_kitc
     00000010  ___bank_bg_new_folder_top_down_k   bg_new_folder_top_down_kitc_
     00000010  ___bank_bg_new_folder_top_down_t   bg_new_folder_top_down_towe
     00000010  ___bank_bg_new_folder_top_down_t   bg_new_folder_top_down_towe_
     00000010  ___bank_bg_new_folder_top_down_t   bg_new_folder_top_down_towe_
     00000010  ___bank_bg_new_folder_top_down_t   bg_new_folder_top_down_towe_
     00000010  ___bank_bg_new_folder_top_down_t   bg_new_folder_top_down_towe_
     00000010  ___bank_bg_new_folder_top_down_t   bg_new_folder_top_down_towe_
     00000010  ___bank_bg_new_folder_top_down_t   bg_new_folder_top_down_towe_
     00000010  ___bank_bg_stars                   bg_stars
     00000010  ___bank_cursor_image               cursor_image
     00000010  ___bank_scene_0_triggers           scene_0_triggers
     00000010  ___bank_scene_10_init              scene_10_init
     00000010  ___bank_scene_10_triggers          scene_10_triggers
     00000010  ___bank_scene_12_init              scene_12_init
     00000010  ___bank_scene_12_triggers          scene_12_triggers
     00000010  ___bank_scene_13_triggers          scene_13_triggers
ASxxxx Linker V03.00/V05.40 + sdld,  page 16.
Hexadecimal  [32-Bits]

Area                                    Addr        Size        Decimal Bytes (Attributes)
--------------------------------        ----        ----        ------- ----- ------------
.  .ABS.                            00000000    00000000 =           0. bytes (ABS,CON)

      Value  Global                              Global Defined In Module
      -----  --------------------------------   ------------------------
     00000010  ___bank_scene_14_triggers          scene_14_triggers
     00000010  ___bank_scene_15_triggers          scene_15_triggers
     00000010  ___bank_scene_16_triggers          scene_16_triggers
     00000010  ___bank_scene_18_init              scene_18_init
     00000010  ___bank_scene_19_triggers          scene_19_triggers
     00000010  ___bank_scene_20_sprites           scene_20_sprites
     00000010  ___bank_scene_20_triggers          scene_20_triggers
     00000010  ___bank_scene_21_sprites           scene_21_sprites
     00000010  ___bank_scene_21_triggers          scene_21_triggers
     00000010  ___bank_scene_23_triggers          scene_23_triggers
     00000010  ___bank_scene_24_sprites           scene_24_sprites
     00000010  ___bank_scene_27_triggers          scene_27_triggers
     00000010  ___bank_scene_29_triggers          scene_29_triggers
     00000010  ___bank_scene_2_init               scene_2_init
     00000010  ___bank_scene_4_triggers           scene_4_triggers
     00000010  ___bank_scene_6_triggers           scene_6_triggers
     00000010  ___bank_scene_8_triggers           scene_8_triggers
     00000010  ___bank_script_1                   script_1
     00000010  ___bank_script_5                   script_5
     00000010  ___bank_script_6                   script_6
     00000010  ___bank_script_8                   script_8
     00000010  ___bank_script_input_0             script_input_0
     00000010  ___bank_script_input_3             script_input_3
     00000010  ___bank_sound_legacy_0             sound_legacy_0
     00000010  ___bank_sound_legacy_1             sound_legacy_1
     00000010  ___bank_spritesheet_none           spritesheet_none
     00000010  ___bank_trigger_78_interact        trigger_78_interact
     00000010  b_camera_init                      camera
     00000010  b_input_init                       input
     00000010  b_logo_init                        logo
     00000010  b_logo_update                      logo
     00000010  b_parallax_init                    parallax
     00000010  b_remove_LCD_ISRs                  interrupts
     0000001A  l__INITIALIZED                  
     0000001A  l__INITIALIZER                  
     0000001C  __start_save                    
     00000027  l__GSINIT                       
     00000030  l__HEADER7                      
     00000060  l__HEADER4                      
     000000AB  l__HEADER11                     
     000001CB  l__CRASH_SCRATCH2               
     00000200  s__CODE                         
     00000635  l__CODE_16                      
     00000ED1  l__CODE                         
     000010D1  s__HOME                         
     00001994  l__DATA                         
     00002000  _rROMB0                            
     00002D53  l__HOME                         
     00003000  _rROMB1                            
     00003E24  s__BASE                         
     00003E24  s__CODE_0                       
ASxxxx Linker V03.00/V05.40 + sdld,  page 17.
Hexadecimal  [32-Bits]

Area                                    Addr        Size        Decimal Bytes (Attributes)
--------------------------------        ----        ----        ------- ----- ------------
.  .ABS.                            00000000    00000000 =           0. bytes (ABS,CON)

      Value  Global                              Global Defined In Module
      -----  --------------------------------   ------------------------
     00003E24  s__INITIALIZER                  
     00003E24  s__LIT                          
     00003E3E  s__GSINIT                       
     00003E65  s__GSFINAL                      
     00003FFB  l__CODE_15                      
     00003FFE  l__CODE_12                      
     00003FFF  l__CODE_1                       
     00003FFF  l__CODE_10                      
     00003FFF  l__CODE_11                      
     00003FFF  l__CODE_13                      
     00003FFF  l__CODE_2                       
     00004000  _RTC_SELECT_REG                    vm_rtc
     00004000  _rRAMB                             
     00004000  l__CODE_14                      
     00004000  l__CODE_3                       
     00004000  l__CODE_4                       
     00004000  l__CODE_5                       
     00004000  l__CODE_6                       
     00004000  l__CODE_7                       
     00004000  l__CODE_8                       
     00004000  l__CODE_9                       
     00006000  _RTC_LATCH_REG                     vm_rtc
     00008000  __VRAM                             
     00008000  __VRAM8000                         
     00008800  __VRAM8800                         
     00009000  __VRAM9000                         
     00009800  __SCRN0                            
     00009C00  __SCRN1                            
     0000A000  _RTC_VALUE_REG                     vm_rtc
     0000A000  __SRAM                             
     0000C000  __RAM                              
     0000C000  _shadow_OAM                     
     0000C0A0  s__DATA                         
     0000D000  __RAMBANK                          
     0000DA34  s__BSS                          
     0000DA34  s__INITIALIZED                  
     0000DA4E  s__HEAP                         
     0000DA4E  s__HEAP_END                     
     0000DF00  .STACK                          
     0000DF00  _shadow_OAM2                       absolute
     0000DFA0  _BkgPalette                        absolute
     0000DFE0  _vwf_tile_data                     absolute
     0000FE00  __OAMRAM                           
     0000FF00  _P1_REG                            
     0000FF00  __IO                               
     0000FF01  _SB_REG                            
     0000FF02  _SC_REG                            
     0000FF04  _DIV_REG                           
     0000FF05  _TIMA_REG                          
     0000FF06  _TMA_REG                           
     0000FF07  _TAC_REG                           
ASxxxx Linker V03.00/V05.40 + sdld,  page 18.
Hexadecimal  [32-Bits]

Area                                    Addr        Size        Decimal Bytes (Attributes)
--------------------------------        ----        ----        ------- ----- ------------
.  .ABS.                            00000000    00000000 =           0. bytes (ABS,CON)

      Value  Global                              Global Defined In Module
      -----  --------------------------------   ------------------------
     0000FF0F  _IF_REG                            
     0000FF10  _NR10_REG                          
     0000FF11  _NR11_REG                          
     0000FF12  _NR12_REG                          
     0000FF13  _NR13_REG                          
     0000FF14  _NR14_REG                          
     0000FF16  _NR21_REG                          
     0000FF17  _NR22_REG                          
     0000FF18  _NR23_REG                          
     0000FF19  _NR24_REG                          
     0000FF1A  _NR30_REG                          
     0000FF1B  _NR31_REG                          
     0000FF1C  _NR32_REG                          
     0000FF1D  _NR33_REG                          
     0000FF1E  _NR34_REG                          
     0000FF20  _NR41_REG                          
     0000FF21  _NR42_REG                          
     0000FF22  _NR43_REG                          
     0000FF23  _NR44_REG                          
     0000FF24  _NR50_REG                          
     0000FF25  _NR51_REG                          
     0000FF26  _NR52_REG                          
     0000FF30  _AUD3WAVE                          
     0000FF30  _PCM_SAMPLE                        
     0000FF30  __AUD3WAVERAM                      
     0000FF40  _LCDC_REG                          
     0000FF41  _STAT_REG                          
     0000FF42  _SCY_REG                           
     0000FF43  _SCX_REG                           
     0000FF44  _LY_REG                            
     0000FF45  _LYC_REG                           
     0000FF46  _DMA_REG                           
     0000FF47  _BGP_REG                           
     0000FF48  _OBP0_REG                          
     0000FF49  _OBP1_REG                          
     0000FF4A  _WY_REG                            
     0000FF4B  _WX_REG                            
     0000FF4D  _KEY1_REG                          
     0000FF4F  _VBK_REG                           
     0000FF51  _HDMA1_REG                         
     0000FF52  _HDMA2_REG                         
     0000FF53  _HDMA3_REG                         
     0000FF54  _HDMA4_REG                         
     0000FF55  _HDMA5_REG                         
     0000FF56  _RP_REG                            
     0000FF68  _BCPS_REG                          
     0000FF69  _BCPD_REG                          
     0000FF6A  _OCPS_REG                          
     0000FF6B  _OCPD_REG                          
     0000FF70  _SVBK_REG                          
     0000FF76  _PCM12_REG                         
ASxxxx Linker V03.00/V05.40 + sdld,  page 19.
Hexadecimal  [32-Bits]

Area                                    Addr        Size        Decimal Bytes (Attributes)
--------------------------------        ----        ----        ------- ----- ------------
.  .ABS.                            00000000    00000000 =           0. bytes (ABS,CON)

      Value  Global                              Global Defined In Module
      -----  --------------------------------   ------------------------
     0000FF77  _PCM34_REG                         
     0000FF80  .refresh_OAM                    
     0000FF80  __HRAM                             
     0000FFFF  _IE_REG                            
     00014000  s__CODE_1                       
     00024000  s__CODE_2                       
     00034000  s__CODE_3                       
     00044000  s__CODE_4                       
     00054000  s__CODE_5                       
     00064000  s__CODE_6                       
     00074000  s__CODE_7                       
     00084000  s__CODE_8                       
     00094000  s__CODE_9                       
     000A4000  s__CODE_10                      
     000B4000  s__CODE_11                      
     000C4000  s__CODE_12                      
     000D4000  s__CODE_13                      
     000E4000  s__CODE_14                      
     000F4000  s__CODE_15                      
     00104000  s__CODE_16                      

ASxxxx Linker V03.00/V05.40 + sdld,  page 20.
Hexadecimal  [32-Bits]

Area                                    Addr        Size        Decimal Bytes (Attributes)
--------------------------------        ----        ----        ------- ----- ------------
_CODE                               00000200    00000ED1 =        3793. bytes (REL,CON)

      Value  Global                              Global Defined In Module
      -----  --------------------------------   ------------------------
     00000200  ___HandleCrash                     
     0000020A  _SIO_send_byte                     
     0000021D  _SIO_receive                       
     0000022E  _GetWinAddr                        
     00000236  _GetBkgAddr                        
     00000244  _state_init                        
     00000249  _state_update                      
     0000026B  _ui_time_masks                     
     00000273  _ui_print_shift_char               
     000002F6  _ui_draw_frame_row                 
     000002FF  .ui_draw_frame_row                 
     00000328  _script_cmds                       vm_instructions
     00000560  _save_signature                    game_signature
     00000564  _start_scene_x                     
     00000566  _start_scene_y                     
     00000568  _start_scene_dir                   
     00000569  _start_scene                       
     0000056C  _start_player_move_speed           
     0000056D  _start_player_anim_tick            
     0000056E  _ui_fonts                          
     00000571  _core_reset_hook                   main
     00000579  _main                              main
     00000581  _state_start_fns                   
     00000593  _state_update_fns                  
     000005A5  _hUGE_init                         hUGEDriver_obj
     000005A7  hUGE_init                          hUGEDriver_obj
     000005FD  _hUGE_mute_channel                 hUGEDriver_obj
     000005FF  hUGE_mute_channel                  hUGEDriver_obj
     0000084D  _hUGE_set_position                 hUGEDriver_obj
     0000084F  hUGE_set_position                  hUGEDriver_obj
     00000A14  _hUGE_dosound                      hUGEDriver_obj
     00000A14  hUGE_dosound                       hUGEDriver_obj
     00000D40  _get_vram_byte                     
     00000D48  _get_win_tile_xy                   
     00000D50  _get_bkg_tile_xy                   
     00000D77  _set_sprite_palette                CGB
     00000D7C  _set_bkg_palette                   CGB
     00000D7F  .set_palette                       CGB
     00000D9E  _set_sprite_palette_entry          CGB
     00000DA3  _set_bkg_palette_entry             CGB
     00000DA6  .set_palette_entry                 CGB
     00000DC2  _hide_sprites_range                Metasprites
     00000DF1  __mulsuchar                        mul
     00000DF4  __muluschar                        mul
     00000DFD  __mulschar                         mul
     00000E05  __mulint                           mul
     00000E24  __muluchar                         mul
     00000E36  _set_vram_byte                     
     00000E3F  _set_win_tile_xy                   
     00000E48  _set_bkg_tile_xy                   
ASxxxx Linker V03.00/V05.40 + sdld,  page 21.
Hexadecimal  [32-Bits]

Area                                    Addr        Size        Decimal Bytes (Attributes)
--------------------------------        ----        ----        ------- ----- ------------
_CODE                               00000200    00000ED1 =        3793. bytes (REL,CON)

      Value  Global                              Global Defined In Module
      -----  --------------------------------   ------------------------
     00000E77  .sgb_check                         
     00000E77  _sgb_check                         
     00000EBF  _sgb_transfer                      
     00000EC4  .sgb_transfer                      
     00000F05  .copy_vram                         
     00000F0B  _get_data                          
     00000F0B  _set_data                          
     00000F0B  _vmemcpy                           
     00000F59  ___move_metasprite                 Metasprites
     00000F96  ___memcpy                          
     00000F96  _memcpy                            
     00000FC8  _cpu_slow                          CGB
     00000FE3  _cpu_fast                          CGB
     00000FEA  __divsuchar                        divmod
     00000FF0  __modsuchar                        divmod
     00000FF9  __divuschar                        divmod
     00001002  __moduschar                        divmod
     0000100E  __divschar                         divmod
     00001013  __modschar                         divmod
     0000101A  __divsint                          divmod
     00001023  __modsint                          divmod
     0000102F  __divuchar                         divmod
     00001034  __moduchar                         divmod
     0000103B  __divuint                          divmod
     00001044  __moduint                          divmod
     00001050  .div8                              divmod
     00001050  .mod8                              divmod
     00001058  .div16                             divmod
     00001058  .mod16                             divmod
     0000108E  .divu8                             divmod
     0000108E  .modu8                             divmod
     00001091  .divu16                            divmod
     00001091  .modu16                            divmod

ASxxxx Linker V03.00/V05.40 + sdld,  page 22.
Hexadecimal  [32-Bits]

Area                                    Addr        Size        Decimal Bytes (Attributes)
--------------------------------        ----        ----        ------- ----- ------------
_HEADER0                            00000000    00000001 =           1. bytes (ABS,CON)

      Value  Global                              Global Defined In Module
      -----  --------------------------------   ------------------------
     00000020  .call_hl                           Runtime

ASxxxx Linker V03.00/V05.40 + sdld,  page 23.
Hexadecimal  [32-Bits]

Area                                    Addr        Size        Decimal Bytes (Attributes)
--------------------------------        ----        ----        ------- ----- ------------
_HEADER1                            00000000    00000005 =           5. bytes (ABS,CON)

      Value  Global                              Global Defined In Module
      -----  --------------------------------   ------------------------
     00000028  .MemsetSmall                       Runtime

ASxxxx Linker V03.00/V05.40 + sdld,  page 24.
Hexadecimal  [32-Bits]

Area                                    Addr        Size        Decimal Bytes (Attributes)
--------------------------------        ----        ----        ------- ----- ------------
_HEADER2                            00000000    00000007 =           7. bytes (ABS,CON)

      Value  Global                              Global Defined In Module
      -----  --------------------------------   ------------------------
     00000030  .MemcpySmall                       Runtime

ASxxxx Linker V03.00/V05.40 + sdld,  page 25.
Hexadecimal  [32-Bits]

Area                                    Addr        Size        Decimal Bytes (Attributes)
--------------------------------        ----        ----        ------- ----- ------------
_HEADER3                            00000000    00000008 =           8. bytes (ABS,CON)

      Value  Global                              Global Defined In Module
      -----  --------------------------------   ------------------------
ASxxxx Linker V03.00/V05.40 + sdld,  page 26.
Hexadecimal  [32-Bits]

Area                                    Addr        Size        Decimal Bytes (Attributes)
--------------------------------        ----        ----        ------- ----- ------------
_HEADER4                            00000000    00000060 =          96. bytes (ABS,CON)

      Value  Global                              Global Defined In Module
      -----  --------------------------------   ------------------------
     00000080  .int                               Runtime
     0000008F  _wait_int_handler                  Runtime
     0000009C  __standard_VBL_handler             Runtime
     000000AB  _refresh_OAM                       Runtime
     000000CC  _set_interrupts                    Runtime

ASxxxx Linker V03.00/V05.40 + sdld,  page 27.
Hexadecimal  [32-Bits]

Area                                    Addr        Size        Decimal Bytes (Attributes)
--------------------------------        ----        ----        ------- ----- ------------
_HEADER5                            00000000    00000001 =           1. bytes (ABS,CON)

      Value  Global                              Global Defined In Module
      -----  --------------------------------   ------------------------
ASxxxx Linker V03.00/V05.40 + sdld,  page 28.
Hexadecimal  [32-Bits]

Area                                    Addr        Size        Decimal Bytes (Attributes)
--------------------------------        ----        ----        ------- ----- ------------
_HEADER6                            00000000    00000002 =           2. bytes (ABS,CON)

      Value  Global                              Global Defined In Module
      -----  --------------------------------   ------------------------
ASxxxx Linker V03.00/V05.40 + sdld,  page 29.
Hexadecimal  [32-Bits]

Area                                    Addr        Size        Decimal Bytes (Attributes)
--------------------------------        ----        ----        ------- ----- ------------
_HEADER7                            00000000    00000030 =          48. bytes (ABS,CON)

      Value  Global                              Global Defined In Module
      -----  --------------------------------   ------------------------
ASxxxx Linker V03.00/V05.40 + sdld,  page 30.
Hexadecimal  [32-Bits]

Area                                    Addr        Size        Decimal Bytes (Attributes)
--------------------------------        ----        ----        ------- ----- ------------
_HEADER8                            00000000    00000006 =           6. bytes (ABS,CON)

      Value  Global                              Global Defined In Module
      -----  --------------------------------   ------------------------
ASxxxx Linker V03.00/V05.40 + sdld,  page 31.
Hexadecimal  [32-Bits]

Area                                    Addr        Size        Decimal Bytes (Attributes)
--------------------------------        ----        ----        ------- ----- ------------
_HEADER9                            00000000    00000003 =           3. bytes (ABS,CON)

      Value  Global                              Global Defined In Module
      -----  --------------------------------   ------------------------
ASxxxx Linker V03.00/V05.40 + sdld,  page 32.
Hexadecimal  [32-Bits]

Area                                    Addr        Size        Decimal Bytes (Attributes)
--------------------------------        ----        ----        ------- ----- ------------
_HEADERa                            00000000    00000001 =           1. bytes (ABS,CON)

      Value  Global                              Global Defined In Module
      -----  --------------------------------   ------------------------
ASxxxx Linker V03.00/V05.40 + sdld,  page 33.
Hexadecimal  [32-Bits]

Area                                    Addr        Size        Decimal Bytes (Attributes)
--------------------------------        ----        ----        ------- ----- ------------
_HEADERb                            00000000    00000001 =           1. bytes (ABS,CON)

      Value  Global                              Global Defined In Module
      -----  --------------------------------   ------------------------
ASxxxx Linker V03.00/V05.40 + sdld,  page 34.
Hexadecimal  [32-Bits]

Area                                    Addr        Size        Decimal Bytes (Attributes)
--------------------------------        ----        ----        ------- ----- ------------
_HEADERc                            00000000    00000001 =           1. bytes (ABS,CON)

[...]
                                          [ sprite_animated_animals_sea ]
C:/Users/ABC09/AppData/Local/Temp/_gbsbuild/obj/sprite_animated_crosshairs__10_tileset.rel
                                          [ sprite_animated_crosshairs__10_t ]
C:/Users/ABC09/AppData/Local/Temp/_gbsbuild/obj/sprite_animated_crosshairs__10.rel
                                          [ sprite_animated_crosshairs__10 ]
C:/Users/ABC09/AppData/Local/Temp/_gbsbuild/obj/sprite_animated_crosshairs__11_tileset.rel
                                          [ sprite_animated_crosshairs__11_t ]
C:/Users/ABC09/AppData/Local/Temp/_gbsbuild/obj/sprite_animated_crosshairs__11.rel
                                          [ sprite_animated_crosshairs__11 ]
C:/Users/ABC09/AppData/Local/Temp/_gbsbuild/obj/sprite_animated_crosshairs__2_tileset.rel
                                          [ sprite_animated_crosshairs__2_ti ]
C:/Users/ABC09/AppData/Local/Temp/_gbsbuild/obj/sprite_animated_crosshairs__2.rel
                                          [ sprite_animated_crosshairs__2 ]
C:/Users/ABC09/AppData/Local/Temp/_gbsbuild/obj/sprite_animated_crosshairs__6_tileset.rel
                                          [ sprite_animated_crosshairs__6_ti ]
C:/Users/ABC09/AppData/Local/Temp/_gbsbuild/obj/sprite_animated_crosshairs__6.rel
                                          [ sprite_animated_crosshairs__6 ]
C:/Users/ABC09/AppData/Local/Temp/_gbsbuild/obj/sprite_animated_people_spin_tileset.rel
                                          [ sprite_animated_people_spin_tile ]
C:/Users/ABC09/AppData/Local/Temp/_gbsbuild/obj/sprite_animated_people_spin.rel
                                          [ sprite_animated_people_spin ]
C:/Users/ABC09/AppData/Local/Temp/_gbsbuild/obj/sprite_cursors_default_curs.rel
                                          [ sprite_cursors_default_curs ]
C:/Users/ABC09/AppData/Local/Temp/_gbsbuild/obj/sprite_static_cats_cat_whit_tileset.rel
                                          [ sprite_static_cats_cat_whit_tile ]
C:/Users/ABC09/AppData/Local/Temp/_gbsbuild/obj/sprite_static_cats_cat_whit.rel
                                          [ sprite_static_cats_cat_whit ]
C:/Users/ABC09/AppData/Local/Temp/_gbsbuild/obj/spritesheet_none.rel
                                          [ spritesheet_none ]
C:/Users/ABC09/AppData/Local/Temp/_gbsbuild/obj/trigger_0_interact.rel
                                          [ trigger_0_interact ]
C:/Users/ABC09/AppData/Local/Temp/_gbsbuild/obj/trigger_1_interact.rel
                                          [ trigger_1_interact ]
C:/Users/ABC09/AppData/Local/Temp/_gbsbuild/obj/trigger_10_interact.rel
                                          [ trigger_10_interact ]
C:/Users/ABC09/AppData/Local/Temp/_gbsbuild/obj/trigger_100_interact.rel
                                          [ trigger_100_interact ]
C:/Users/ABC09/AppData/Local/Temp/_gbsbuild/obj/trigger_101_interact.rel
                                          [ trigger_101_interact ]
C:/Users/ABC09/AppData/Local/Temp/_gbsbuild/obj/trigger_102_interact.rel
                                          [ trigger_102_interact ]
C:/Users/ABC09/AppData/Local/Temp/_gbsbuild/obj/trigger_103_interact.rel
                                          [ trigger_103_interact ]
C:/Users/ABC09/AppData/Local/Temp/_gbsbuild/obj/trigger_104_interact.rel
                                          [ trigger_104_interact ]
C:/Users/ABC09/AppData/Local/Temp/_gbsbuild/obj/trigger_105_interact.rel
                                          [ trigger_105_interact ]
C:/Users/ABC09/AppData/Local/Temp/_gbsbuild/obj/trigger_106_interact.rel
                                          [ trigger_106_interact ]
C:/Users/ABC09/AppData/Local/Temp/_gbsbuild/obj/trigger_107_interact.rel
                                          [ trigger_107_interact ]
C:/Users/ABC09/AppData/Local/Temp/_gbsbuild/obj/trigger_108_interact.rel
                                          [ trigger_108_interact ]
C:/Users/ABC09/AppData/Local/Temp/_gbsbuild/obj/trigger_109_interact.rel
                                          [ trigger_109_interact ]
C:/Users/ABC09/AppData/Local/Temp/_gbsbuild/obj/trigger_11_interact.rel
                                          [ trigger_11_interact ]
C:/Users/ABC09/AppData/Local/Temp/_gbsbuild/obj/trigger_110_interact.rel
                                          [ trigger_110_interact ]
C:/Users/ABC09/AppData/Local/Temp/_gbsbuild/obj/trigger_111_interact.rel
                                          [ trigger_111_interact ]
C:/Users/ABC09/AppData/Local/Temp/_gbsbuild/obj/trigger_112_interact.rel
                                          [ trigger_112_interact ]
C:/Users/ABC09/AppData/Local/Temp/_gbsbuild/obj/trigger_113_interact.rel
                                          [ trigger_113_interact ]
C:/Users/ABC09/AppData/Local/Temp/_gbsbuild/obj/trigger_114_interact.rel
                                          [ trigger_114_interact ]
C:/Users/ABC09/AppData/Local/Temp/_gbsbuild/obj/trigger_115_interact.rel
                                          [ trigger_115_interact ]
C:/Users/ABC09/AppData/Local/Temp/_gbsbuild/obj/trigger_116_interact.rel
                                          [ trigger_116_interact ]
C:/Users/ABC09/AppData/Local/Temp/_gbsbuild/obj/trigger_12_interact.rel
                                          [ trigger_12_interact ]
C:/Users/ABC09/AppData/Local/Temp/_gbsbuild/obj/trigger_122_interact.rel
                                          [ trigger_122_interact ]
C:/Users/ABC09/AppData/Local/Temp/_gbsbuild/obj/trigger_123_interact.rel
                                          [ trigger_123_interact ]
C:/Users/ABC09/AppData/Local/Temp/_gbsbuild/obj/trigger_124_interact.rel
                                          [ trigger_124_interact ]
C:/Users/ABC09/AppData/Local/Temp/_gbsbuild/obj/trigger_13_interact.rel
                                          [ trigger_13_interact ]
C:/Users/ABC09/AppData/Local/Temp/_gbsbuild/obj/trigger_14_interact.rel
                                          [ trigger_14_interact ]
C:/Users/ABC09/AppData/Local/Temp/_gbsbuild/obj/trigger_15_interact.rel
                                          [ trigger_15_interact ]
C:/Users/ABC09/AppData/Local/Temp/_gbsbuild/obj/trigger_16_interact.rel
                                          [ trigger_16_interact ]
C:/Users/ABC09/AppData/Local/Temp/_gbsbuild/obj/trigger_18_interact.rel
                                          [ trigger_18_interact ]
C:/Users/ABC09/AppData/Local/Temp/_gbsbuild/obj/trigger_19_interact.rel
                                          [ trigger_19_interact ]
C:/Users/ABC09/AppData/Local/Temp/_gbsbuild/obj/trigger_2_interact.rel
                                          [ trigger_2_interact ]
C:/Users/ABC09/AppData/Local/Temp/_gbsbuild/obj/trigger_20_interact.rel
                                          [ trigger_20_interact ]
C:/Users/ABC09/AppData/Local/Temp/_gbsbuild/obj/trigger_22_interact.rel
                                          [ trigger_22_interact ]
C:/Users/ABC09/AppData/Local/Temp/_gbsbuild/obj/trigger_23_interact.rel
                                          [ trigger_23_interact ]
C:/Users/ABC09/AppData/Local/Temp/_gbsbuild/obj/trigger_26_interact.rel
                                          [ trigger_26_interact ]
C:/Users/ABC09/AppData/Local/Temp/_gbsbuild/obj/trigger_27_interact.rel
                                          [ trigger_27_interact ]
C:/Users/ABC09/AppData/Local/Temp/_gbsbuild/obj/trigger_28_interact.rel
                                          [ trigger_28_interact ]
C:/Users/ABC09/AppData/Local/Temp/_gbsbuild/obj/trigger_29_interact.rel
                                          [ trigger_29_interact ]
C:/Users/ABC09/AppData/Local/Temp/_gbsbuild/obj/trigger_3_interact.rel
                                          [ trigger_3_interact ]
C:/Users/ABC09/AppData/Local/Temp/_gbsbuild/obj/trigger_30_interact.rel
                                          [ trigger_30_interact ]
C:/Users/ABC09/AppData/Local/Temp/_gbsbuild/obj/trigger_31_interact.rel
                                          [ trigger_31_interact ]
C:/Users/ABC09/AppData/Local/Temp/_gbsbuild/obj/trigger_32_interact.rel
                                          [ trigger_32_interact ]
C:/Users/ABC09/AppData/Local/Temp/_gbsbuild/obj/trigger_33_interact.rel
                                          [ trigger_33_interact ]
C:/Users/ABC09/AppData/Local/Temp/_gbsbuild/obj/trigger_34_interact.rel
                                          [ trigger_34_interact ]
C:/Users/ABC09/AppData/Local/Temp/_gbsbuild/obj/trigger_35_interact.rel
                                          [ trigger_35_interact ]
C:/Users/ABC09/AppData/Local/Temp/_gbsbuild/obj/trigger_36_interact.rel
                                          [ trigger_36_interact ]
C:/Users/ABC09/AppData/Local/Temp/_gbsbuild/obj/trigger_37_interact.rel
                                          [ trigger_37_interact ]
C:/Users/ABC09/AppData/Local/Temp/_gbsbuild/obj/trigger_38_interact.rel
                                          [ trigger_38_interact ]
C:/Users/ABC09/AppData/Local/Temp/_gbsbuild/obj/trigger_39_interact.rel
                                          [ trigger_39_interact ]
C:/Users/ABC09/AppData/Local/Temp/_gbsbuild/obj/trigger_4_interact.rel
                                          [ trigger_4_interact ]
C:/Users/ABC09/AppData/Local/Temp/_gbsbuild/obj/trigger_40_interact.rel
                                          [ trigger_40_interact ]
C:/Users/ABC09/AppData/Local/Temp/_gbsbuild/obj/trigger_41_interact.rel
                                          [ trigger_41_interact ]
C:/Users/ABC09/AppData/Local/Temp/_gbsbuild/obj/trigger_44_interact.rel
                                          [ trigger_44_interact ]
C:/Users/ABC09/AppData/Local/Temp/_gbsbuild/obj/trigger_45_interact.rel
                                          [ trigger_45_interact ]
C:/Users/ABC09/AppData/Local/Temp/_gbsbuild/obj/trigger_46_interact.rel
                                          [ trigger_46_interact ]
C:/Users/ABC09/AppData/Local/Temp/_gbsbuild/obj/trigger_47_interact.rel
                                          [ trigger_47_interact ]
C:/Users/ABC09/AppData/Local/Temp/_gbsbuild/obj/trigger_48_interact.rel
                                          [ trigger_48_interact ]
C:/Users/ABC09/AppData/Local/Temp/_gbsbuild/obj/trigger_49_interact.rel
                                          [ trigger_49_interact ]
C:/Users/ABC09/AppData/Local/Temp/_gbsbuild/obj/trigger_5_interact.rel
                                          [ trigger_5_interact ]
C:/Users/ABC09/AppData/Local/Temp/_gbsbuild/obj/trigger_50_interact.rel
                                          [ trigger_50_interact ]
C:/Users/ABC09/AppData/Local/Temp/_gbsbuild/obj/trigger_51_interact.rel
                                          [ trigger_51_interact ]
C:/Users/ABC09/AppData/Local/Temp/_gbsbuild/obj/trigger_52_interact.rel
                                          [ trigger_52_interact ]
C:/Users/ABC09/AppData/Local/Temp/_gbsbuild/obj/trigger_53_interact.rel
                                          [ trigger_53_interact ]
C:/Users/ABC09/AppData/Local/Temp/_gbsbuild/obj/trigger_54_interact.rel
                                          [ trigger_54_interact ]
C:/Users/ABC09/AppData/Local/Temp/_gbsbuild/obj/trigger_55_interact.rel
                                          [ trigger_55_interact ]
C:/Users/ABC09/AppData/Local/Temp/_gbsbuild/obj/trigger_56_interact.rel
                                          [ trigger_56_interact ]
C:/Users/ABC09/AppData/Local/Temp/_gbsbuild/obj/trigger_57_interact.rel
                                          [ trigger_57_interact ]
C:/Users/ABC09/AppData/Local/Temp/_gbsbuild/obj/trigger_58_interact.rel
                                          [ trigger_58_interact ]
C:/Users/ABC09/AppData/Local/Temp/_gbsbuild/obj/trigger_59_interact.rel
                                          [ trigger_59_interact ]
C:/Users/ABC09/AppData/Local/Temp/_gbsbuild/obj/trigger_6_interact.rel
                                          [ trigger_6_interact ]
C:/Users/ABC09/AppData/Local/Temp/_gbsbuild/obj/trigger_7_interact.rel
                                          [ trigger_7_interact ]
C:/Users/ABC09/AppData/Local/Temp/_gbsbuild/obj/trigger_75_interact.rel
                                          [ trigger_75_interact ]
C:/Users/ABC09/AppData/Local/Temp/_gbsbuild/obj/trigger_78_interact.rel
                                          [ trigger_78_interact ]
C:/Users/ABC09/AppData/Local/Temp/_gbsbuild/obj/trigger_8_interact.rel
                                          [ trigger_8_interact ]
C:/Users/ABC09/AppData/Local/Temp/_gbsbuild/obj/trigger_81_interact.rel
                                          [ trigger_81_interact ]
C:/Users/ABC09/AppData/Local/Temp/_gbsbuild/obj/trigger_82_interact.rel
                                          [ trigger_82_interact ]
C:/Users/ABC09/AppData/Local/Temp/_gbsbuild/obj/trigger_83_interact.rel
                                          [ trigger_83_interact ]
C:/Users/ABC09/AppData/Local/Temp/_gbsbuild/obj/trigger_84_interact.rel
                                          [ trigger_84_interact ]
C:/Users/ABC09/AppData/Local/Temp/_gbsbuild/obj/trigger_85_interact.rel
                                          [ trigger_85_interact ]
C:/Users/ABC09/AppData/Local/Temp/_gbsbuild/obj/trigger_86_interact.rel
                                          [ trigger_86_interact ]
C:/Users/ABC09/AppData/Local/Temp/_gbsbuild/obj/trigger_87_interact.rel
                                          [ trigger_87_interact ]
C:/Users/ABC09/AppData/Local/Temp/_gbsbuild/obj/trigger_88_interact.rel
                                          [ trigger_88_interact ]
C:/Users/ABC09/AppData/Local/Temp/_gbsbuild/obj/trigger_89_interact.rel
                                          [ trigger_89_interact ]
C:/Users/ABC09/AppData/Local/Temp/_gbsbuild/obj/trigger_9_interact.rel
                                          [ trigger_9_interact ]
C:/Users/ABC09/AppData/Local/Temp/_gbsbuild/obj/trigger_90_interact.rel
                                          [ trigger_90_interact ]
C:/Users/ABC09/AppData/Local/Temp/_gbsbuild/obj/trigger_91_interact.rel
                                          [ trigger_91_interact ]
C:/Users/ABC09/AppData/Local/Temp/_gbsbuild/obj/trigger_92_interact.rel
                                          [ trigger_92_interact ]
C:/Users/ABC09/AppData/Local/Temp/_gbsbuild/obj/trigger_93_interact.rel
                                          [ trigger_93_interact ]
C:/Users/ABC09/AppData/Local/Temp/_gbsbuild/obj/trigger_96_interact.rel
                                          [ trigger_96_interact ]
C:/Users/ABC09/AppData/Local/Temp/_gbsbuild/obj/trigger_97_interact.rel
                                          [ trigger_97_interact ]
C:/Users/ABC09/AppData/Local/Temp/_gbsbuild/obj/trigger_98_interact.rel
                                          [ trigger_98_interact ]
C:/Users/ABC09/AppData/Local/Temp/_gbsbuild/obj/trigger_99_interact.rel
                                          [ trigger_99_interact ]
C:/Users/ABC09/AppData/Local/Temp/_gbsbuild/obj/main.rel
                                          [ main ]
C:/Users/ABC09/AppData/Local/Temp/_gbsbuild/obj/adventure.rel
                                          [ adventure ]
C:/Users/ABC09/AppData/Local/Temp/_gbsbuild/obj/logo.rel
                                          [ logo ]
C:/Users/ABC09/AppData/Local/Temp/_gbsbuild/obj/platform.rel
                                          [ platform ]
C:/Users/ABC09/AppData/Local/Temp/_gbsbuild/obj/pointnclick.rel
                                          [ pointnclick ]
C:/Users/ABC09/AppData/Local/Temp/_gbsbuild/obj/shmup.rel
                                          [ shmup ]
C:/Users/ABC09/AppData/Local/Temp/_gbsbuild/obj/states_ptrs.rel
                                          [  ]
C:/Users/ABC09/AppData/Local/Temp/_gbsbuild/obj/topdown.rel
                                          [ topdown ]


Libraries Linked                          [ object file ]

C:\Users\ABC09\AppData\Local\Temp/_gbstools/gbdk/lib/gb/gb.lib
                                          [ fill_rect_wi.o ]
C:\Users\ABC09\AppData\Local\Temp/_gbstools/gbdk/lib/sm83/sm83.lib
                                          [ rand.o ]
lib/hUGEDriver.lib                        [ hUGEDriver.o ]
C:\Users\ABC09\AppData\Local\Temp/_gbstools/gbdk/lib/gb/gb.lib
                                          [ sfr.o ]
C:\Users\ABC09\AppData\Local\Temp/_gbstools/gbdk/lib/gb/gb.lib
                                          [ get_data.o ]
C:\Users\ABC09\AppData\Local\Temp/_gbstools/gbdk/lib/gb/gb.lib
                                          [ get_tile.o ]
C:\Users\ABC09\AppData\Local\Temp/_gbstools/gbdk/lib/gb/gb.lib
                                          [ cgb_palettes.o ]
C:\Users\ABC09\AppData\Local\Temp/_gbstools/gbdk/lib/gb/gb.lib
                                          [ metasprites_hide_spr.o ]
C:\Users\ABC09\AppData\Local\Temp/_gbstools/gbdk/lib/sm83/sm83.lib
                                          [ mul.o ]
C:\Users\ABC09\AppData\Local\Temp/_gbstools/gbdk/lib/gb/gb.lib
                                          [ set_tile.o ]
C:\Users\ABC09\AppData\Local\Temp/_gbstools/gbdk/lib/sm83/sm83.lib
                                          [ abs.o ]
C:\Users\ABC09\AppData\Local\Temp/_gbstools/gbdk/lib/gb/gb.lib
                                          [ set_wi_t.o ]
C:\Users\ABC09\AppData\Local\Temp/_gbstools/gbdk/lib/gb/gb.lib
                                          [ set_data.o ]
C:\Users\ABC09\AppData\Local\Temp/_gbstools/gbdk/lib/sm83/sm83.lib
                                          [ reverse.o ]
C:\Users\ABC09\AppData\Local\Temp/_gbstools/gbdk/lib/gb/gb.lib
                                          [ far_ptr.o ]
C:\Users\ABC09\AppData\Local\Temp/_gbstools/gbdk/lib/gb/gb.lib
                                          [ sgb.o ]
C:\Users\ABC09\AppData\Local\Temp/_gbstools/gbdk/lib/gb/gb.lib
                                          [ lcd.o ]
C:\Users\ABC09\AppData\Local\Temp/_gbstools/gbdk/lib/gb/gb.lib
                                          [ fill_rect.o ]
C:\Users\ABC09\AppData\Local\Temp/_gbstools/gbdk/lib/gb/gb.lib
                                          [ cpy_data.o ]
C:\Users\ABC09\AppData\Local\Temp/_gbstools/gbdk/lib/gb/gb.lib
                                          [ fill_rect_bk.o ]
C:\Users\ABC09\AppData\Local\Temp/_gbstools/gbdk/lib/gb/gb.lib
                                          [ pad.o ]
C:\Users\ABC09\AppData\Local\Temp/_gbstools/gbdk/lib/gb/gb.lib
                                          [ metasprites.o ]
C:\Users\ABC09\AppData\Local\Temp/_gbstools/gbdk/lib/sm83/sm83.lib
                                          [ __sdcc_call_hl.o ]
C:\Users\ABC09\AppData\Local\Temp/_gbstools/gbdk/lib/sm83/sm83.lib
                                          [ memcpy.o ]
C:\Users\ABC09\AppData\Local\Temp/_gbstools/gbdk/lib/sm83/sm83.lib
                                          [ _memset.o ]
C:\Users\ABC09\AppData\Local\Temp/_gbstools/gbdk/lib/gb/gb.lib
                                          [ set_xy_t.o ]
C:\Users\ABC09\AppData\Local\Temp/_gbstools/gbdk/lib/gb/gb.lib
                                          [ ___sdcc_bcall_ehl.o ]
C:\Users\ABC09\AppData\Local\Temp/_gbstools/gbdk/lib/gb/gb.lib
                                          [ cgb.o ]
C:\Users\ABC09\AppData\Local\Temp/_gbstools/gbdk/lib/sm83/sm83.lib
                                          [ div.o ]
C:\Users\ABC09\AppData\Local\Temp/_gbstools/gbdk/lib/gb/gb.lib
                                          [ set_bk_t.o ]

ASxxxx Linker V03.00/V05.40 + sdld,  page 101.

User Base Address Definitions

_DATA=0xC0A0
_CODE=0x0200
ASxxxx Linker V03.00/V05.40 + sdld,  page 102.

User Global Definitions

.STACK=0xDF00
_shadow_OAM=0xC000
.refresh_OAM=0xFF80
__start_save=28

